---
source: src/state.rs
expression: "format!(\"{}\", BoardState :: new() . play((1, 1)) . unwrap())"

---
  0 1 2

0  | | 
  -+-+-
1  |X| 
  -+-+-
2  | | 
